#! /usr/bin/vvp
:ivl_version "12.0 (stable)";
:ivl_delay_selection "TYPICAL";
:vpi_time_precision - 12;
:vpi_module "/usr/lib/x86_64-linux-gnu/ivl/system.vpi";
:vpi_module "/usr/lib/x86_64-linux-gnu/ivl/vhdl_sys.vpi";
:vpi_module "/usr/lib/x86_64-linux-gnu/ivl/vhdl_textio.vpi";
:vpi_module "/usr/lib/x86_64-linux-gnu/ivl/v2005_math.vpi";
:vpi_module "/usr/lib/x86_64-linux-gnu/ivl/va_math.vpi";
S_0x560361fa5ba0 .scope module, "TOP_tb" "TOP_tb" 2 4;
 .timescale -9 -12;
P_0x560361faef90 .param/l "TEST_SIZE" 0 2 5, +C4<00000000000000000010011100010000>;
v0x560361fe85e0_0 .var/i "FAILED", 31 0;
v0x560361fe86e0_0 .var/i "PASSED", 31 0;
v0x560361fe87c0_0 .var "RegWrite", 0 0;
v0x560361fe88b0 .array "RegWrite_mem", 9999 0, 0 0;
v0x560361fe8950_0 .var "clk", 0 0;
v0x560361fe8a90_0 .var "funct", 3 0;
v0x560361fe8b80 .array "funct_mem", 9999 0, 3 0;
v0x560361fe8c40_0 .var/i "i", 31 0;
v0x560361fe8d20_0 .var "rd_addr1", 4 0;
v0x560361fe8e70 .array "rd_addr1_mem", 9999 0, 4 0;
v0x560361fe8f30_0 .var "rd_addr2", 4 0;
v0x560361fe9040 .array "rd_addr2_mem", 9999 0, 4 0;
v0x560361fe9100_0 .net "rd_data1", 31 0, v0x560361fe69c0_0;  1 drivers
v0x560361fe91c0 .array "rd_data1_mem", 9999 0, 31 0;
v0x560361fe9280_0 .net "rd_data2", 31 0, v0x560361fe6af0_0;  1 drivers
v0x560361fe9340 .array "rd_data2_mem", 9999 0, 31 0;
v0x560361fe9400_0 .var "rst", 0 0;
v0x560361fe9600_0 .var "shamt", 4 0;
v0x560361fe9710 .array "shamt_mem", 9999 0, 4 0;
v0x560361fe97d0_0 .var "wr_addr", 4 0;
v0x560361fe98e0 .array "wr_addr_mem", 9999 0, 4 0;
v0x560361fe99a0_0 .net "wr_data", 31 0, v0x560361fe7610_0;  1 drivers
v0x560361fe9a60 .array "wr_data_mem", 9999 0, 31 0;
S_0x560361fad8b0 .scope task, "Test" "Test" 2 61, 2 61 0, S_0x560361fa5ba0;
 .timescale -9 -12;
v0x560361fbbb00_0 .var "RegWrite_in", 0 0;
v0x560361fe5920_0 .var "funct_in", 5 0;
v0x560361fe5a00_0 .var "rd_addr1_in", 4 0;
v0x560361fe5ac0_0 .var "rd_addr2_in", 4 0;
v0x560361fe5ba0_0 .var "rd_data1_in", 31 0;
v0x560361fe5cd0_0 .var "rd_data2_in", 31 0;
v0x560361fe5db0_0 .var "shamt_in", 4 0;
v0x560361fe5e90_0 .var "wr_addr_in", 4 0;
v0x560361fe5f70_0 .var "wr_data_in", 31 0;
TD_TOP_tb.Test ;
    %delay 1000, 0;
    %load/vec4 v0x560361fe5a00_0;
    %store/vec4 v0x560361fe8d20_0, 0, 5;
    %load/vec4 v0x560361fe5ac0_0;
    %store/vec4 v0x560361fe8f30_0, 0, 5;
    %load/vec4 v0x560361fe5e90_0;
    %store/vec4 v0x560361fe97d0_0, 0, 5;
    %load/vec4 v0x560361fe5db0_0;
    %store/vec4 v0x560361fe9600_0, 0, 5;
    %load/vec4 v0x560361fe5920_0;
    %pad/u 4;
    %store/vec4 v0x560361fe8a90_0, 0, 4;
    %load/vec4 v0x560361fbbb00_0;
    %store/vec4 v0x560361fe87c0_0, 0, 1;
    %delay 5000, 0;
    %load/vec4 v0x560361fe9100_0;
    %load/vec4 v0x560361fe5ba0_0;
    %cmp/e;
    %flag_get/vec4 4;
    %jmp/0 T_0.3, 4;
    %load/vec4 v0x560361fe9280_0;
    %load/vec4 v0x560361fe5cd0_0;
    %cmp/e;
    %flag_get/vec4 4;
    %and;
T_0.3;
    %flag_set/vec4 9;
    %flag_get/vec4 9;
    %jmp/0 T_0.2, 9;
    %load/vec4 v0x560361fe99a0_0;
    %load/vec4 v0x560361fe5f70_0;
    %cmp/e;
    %flag_get/vec4 4;
    %and;
T_0.2;
    %flag_set/vec4 8;
    %jmp/0xz  T_0.0, 8;
    %vpi_call 2 84 "$display", "PASSED" {0 0 0};
    %load/vec4 v0x560361fe86e0_0;
    %addi 1, 0, 32;
    %store/vec4 v0x560361fe86e0_0, 0, 32;
    %jmp T_0.1;
T_0.0 ;
    %vpi_call 2 88 "$display", "FAILED" {0 0 0};
    %vpi_call 2 89 "$display", "rd_addr1 = %d ", v0x560361fe8d20_0 {0 0 0};
    %vpi_call 2 90 "$display", "rd_data1 = %h (Ans : %h) ", v0x560361fe9100_0, v0x560361fe5ba0_0, "rd_data2 = %h (Ans : %h) ", v0x560361fe9280_0, v0x560361fe5cd0_0, "wr_data = %h (Ans : %h)", v0x560361fe99a0_0, v0x560361fe5f70_0 {0 0 0};
    %load/vec4 v0x560361fe85e0_0;
    %addi 1, 0, 32;
    %store/vec4 v0x560361fe85e0_0, 0, 32;
T_0.1 ;
    %delay 8000, 0;
    %end;
S_0x560361fe6050 .scope module, "top_u" "TOP" 2 46, 3 3 0, S_0x560361fa5ba0;
 .timescale -9 -10;
    .port_info 0 /INPUT 1 "clk";
    .port_info 1 /INPUT 1 "rst";
    .port_info 2 /INPUT 5 "rd_addr1";
    .port_info 3 /INPUT 5 "rd_addr2";
    .port_info 4 /INPUT 1 "RegWrite";
    .port_info 5 /INPUT 5 "wr_addr";
    .port_info 6 /INPUT 5 "shamt";
    .port_info 7 /INPUT 4 "funct";
    .port_info 8 /OUTPUT 32 "rd_data1";
    .port_info 9 /OUTPUT 32 "rd_data2";
    .port_info 10 /OUTPUT 32 "wr_data";
v0x560361fe7ad0_0 .net "RegWrite", 0 0, v0x560361fe87c0_0;  1 drivers
v0x560361fe7b90_0 .net "clk", 0 0, v0x560361fe8950_0;  1 drivers
v0x560361fe7c60_0 .net "funct", 3 0, v0x560361fe8a90_0;  1 drivers
v0x560361fe7d60_0 .net "rd_addr1", 4 0, v0x560361fe8d20_0;  1 drivers
v0x560361fe7e30_0 .net "rd_addr2", 4 0, v0x560361fe8f30_0;  1 drivers
v0x560361fe7f20_0 .net "rd_data1", 31 0, v0x560361fe69c0_0;  alias, 1 drivers
v0x560361fe8010_0 .net "rd_data2", 31 0, v0x560361fe6af0_0;  alias, 1 drivers
v0x560361fe8100_0 .net "rst", 0 0, v0x560361fe9400_0;  1 drivers
v0x560361fe81a0_0 .net "shamt", 4 0, v0x560361fe9600_0;  1 drivers
v0x560361fe82d0_0 .net "wr_addr", 4 0, v0x560361fe97d0_0;  1 drivers
v0x560361fe83a0_0 .net "wr_data", 31 0, v0x560361fe7610_0;  alias, 1 drivers
S_0x560361fe6200 .scope module, "RF_u" "RF" 3 26, 4 3 0, S_0x560361fe6050;
 .timescale -9 -10;
    .port_info 0 /INPUT 1 "clk";
    .port_info 1 /INPUT 1 "rst";
    .port_info 2 /INPUT 5 "rd_addr1";
    .port_info 3 /INPUT 5 "rd_addr2";
    .port_info 4 /OUTPUT 32 "rd_data1";
    .port_info 5 /OUTPUT 32 "rd_data2";
    .port_info 6 /INPUT 1 "RegWrite";
    .port_info 7 /INPUT 5 "wr_addr";
    .port_info 8 /INPUT 32 "wr_data";
v0x560361fe6680_0 .net "RegWrite", 0 0, v0x560361fe87c0_0;  alias, 1 drivers
v0x560361fe6760_0 .net "clk", 0 0, v0x560361fe8950_0;  alias, 1 drivers
v0x560361fe6820_0 .net "rd_addr1", 4 0, v0x560361fe8d20_0;  alias, 1 drivers
v0x560361fe68e0_0 .net "rd_addr2", 4 0, v0x560361fe8f30_0;  alias, 1 drivers
v0x560361fe69c0_0 .var "rd_data1", 31 0;
v0x560361fe6af0_0 .var "rd_data2", 31 0;
v0x560361fe6bd0 .array "register_file", 31 0, 31 0;
v0x560361fe7090_0 .net "rst", 0 0, v0x560361fe9400_0;  alias, 1 drivers
v0x560361fe7150_0 .net "wr_addr", 4 0, v0x560361fe97d0_0;  alias, 1 drivers
v0x560361fe7230_0 .net "wr_data", 31 0, v0x560361fe7610_0;  alias, 1 drivers
E_0x560361f70f80 .event posedge, v0x560361fe6760_0;
E_0x560361fa9510/0 .event anyedge, v0x560361fe6680_0, v0x560361fe6820_0, v0x560361fe7150_0, v0x560361fe7230_0;
v0x560361fe6bd0_0 .array/port v0x560361fe6bd0, 0;
v0x560361fe6bd0_1 .array/port v0x560361fe6bd0, 1;
v0x560361fe6bd0_2 .array/port v0x560361fe6bd0, 2;
v0x560361fe6bd0_3 .array/port v0x560361fe6bd0, 3;
E_0x560361fa9510/1 .event anyedge, v0x560361fe6bd0_0, v0x560361fe6bd0_1, v0x560361fe6bd0_2, v0x560361fe6bd0_3;
v0x560361fe6bd0_4 .array/port v0x560361fe6bd0, 4;
v0x560361fe6bd0_5 .array/port v0x560361fe6bd0, 5;
v0x560361fe6bd0_6 .array/port v0x560361fe6bd0, 6;
v0x560361fe6bd0_7 .array/port v0x560361fe6bd0, 7;
E_0x560361fa9510/2 .event anyedge, v0x560361fe6bd0_4, v0x560361fe6bd0_5, v0x560361fe6bd0_6, v0x560361fe6bd0_7;
v0x560361fe6bd0_8 .array/port v0x560361fe6bd0, 8;
v0x560361fe6bd0_9 .array/port v0x560361fe6bd0, 9;
v0x560361fe6bd0_10 .array/port v0x560361fe6bd0, 10;
v0x560361fe6bd0_11 .array/port v0x560361fe6bd0, 11;
E_0x560361fa9510/3 .event anyedge, v0x560361fe6bd0_8, v0x560361fe6bd0_9, v0x560361fe6bd0_10, v0x560361fe6bd0_11;
v0x560361fe6bd0_12 .array/port v0x560361fe6bd0, 12;
v0x560361fe6bd0_13 .array/port v0x560361fe6bd0, 13;
v0x560361fe6bd0_14 .array/port v0x560361fe6bd0, 14;
v0x560361fe6bd0_15 .array/port v0x560361fe6bd0, 15;
E_0x560361fa9510/4 .event anyedge, v0x560361fe6bd0_12, v0x560361fe6bd0_13, v0x560361fe6bd0_14, v0x560361fe6bd0_15;
v0x560361fe6bd0_16 .array/port v0x560361fe6bd0, 16;
v0x560361fe6bd0_17 .array/port v0x560361fe6bd0, 17;
v0x560361fe6bd0_18 .array/port v0x560361fe6bd0, 18;
v0x560361fe6bd0_19 .array/port v0x560361fe6bd0, 19;
E_0x560361fa9510/5 .event anyedge, v0x560361fe6bd0_16, v0x560361fe6bd0_17, v0x560361fe6bd0_18, v0x560361fe6bd0_19;
v0x560361fe6bd0_20 .array/port v0x560361fe6bd0, 20;
v0x560361fe6bd0_21 .array/port v0x560361fe6bd0, 21;
v0x560361fe6bd0_22 .array/port v0x560361fe6bd0, 22;
v0x560361fe6bd0_23 .array/port v0x560361fe6bd0, 23;
E_0x560361fa9510/6 .event anyedge, v0x560361fe6bd0_20, v0x560361fe6bd0_21, v0x560361fe6bd0_22, v0x560361fe6bd0_23;
v0x560361fe6bd0_24 .array/port v0x560361fe6bd0, 24;
v0x560361fe6bd0_25 .array/port v0x560361fe6bd0, 25;
v0x560361fe6bd0_26 .array/port v0x560361fe6bd0, 26;
v0x560361fe6bd0_27 .array/port v0x560361fe6bd0, 27;
E_0x560361fa9510/7 .event anyedge, v0x560361fe6bd0_24, v0x560361fe6bd0_25, v0x560361fe6bd0_26, v0x560361fe6bd0_27;
v0x560361fe6bd0_28 .array/port v0x560361fe6bd0, 28;
v0x560361fe6bd0_29 .array/port v0x560361fe6bd0, 29;
v0x560361fe6bd0_30 .array/port v0x560361fe6bd0, 30;
v0x560361fe6bd0_31 .array/port v0x560361fe6bd0, 31;
E_0x560361fa9510/8 .event anyedge, v0x560361fe6bd0_28, v0x560361fe6bd0_29, v0x560361fe6bd0_30, v0x560361fe6bd0_31;
E_0x560361fa9510/9 .event anyedge, v0x560361fe68e0_0;
E_0x560361fa9510 .event/or E_0x560361fa9510/0, E_0x560361fa9510/1, E_0x560361fa9510/2, E_0x560361fa9510/3, E_0x560361fa9510/4, E_0x560361fa9510/5, E_0x560361fa9510/6, E_0x560361fa9510/7, E_0x560361fa9510/8, E_0x560361fa9510/9;
S_0x560361fe7430 .scope module, "alu_u" "ALU" 3 38, 5 5 0, S_0x560361fe6050;
 .timescale -9 -12;
    .port_info 0 /INPUT 32 "operand1";
    .port_info 1 /INPUT 32 "operand2";
    .port_info 2 /INPUT 5 "shamt";
    .port_info 3 /INPUT 4 "funct";
    .port_info 4 /OUTPUT 32 "alu_result";
v0x560361fe7610_0 .var "alu_result", 31 0;
v0x560361fe76f0_0 .net "funct", 3 0, v0x560361fe8a90_0;  alias, 1 drivers
v0x560361fe77b0_0 .net "operand1", 31 0, v0x560361fe69c0_0;  alias, 1 drivers
v0x560361fe7850_0 .net "operand2", 31 0, v0x560361fe6af0_0;  alias, 1 drivers
v0x560361fe7920_0 .net "shamt", 4 0, v0x560361fe9600_0;  alias, 1 drivers
E_0x560361f94210 .event anyedge, v0x560361fe76f0_0, v0x560361fe69c0_0, v0x560361fe6af0_0, v0x560361fe7920_0;
    .scope S_0x560361fe6200;
T_1 ;
    %wait E_0x560361fa9510;
    %load/vec4 v0x560361fe6680_0;
    %flag_set/vec4 9;
    %flag_get/vec4 9;
    %jmp/0 T_1.2, 9;
    %load/vec4 v0x560361fe6820_0;
    %load/vec4 v0x560361fe7150_0;
    %cmp/e;
    %flag_get/vec4 4;
    %and;
T_1.2;
    %flag_set/vec4 8;
    %jmp/0xz  T_1.0, 8;
    %load/vec4 v0x560361fe7230_0;
    %store/vec4 v0x560361fe69c0_0, 0, 32;
    %jmp T_1.1;
T_1.0 ;
    %load/vec4 v0x560361fe6820_0;
    %pad/u 7;
    %ix/vec4 4;
    %load/vec4a v0x560361fe6bd0, 4;
    %store/vec4 v0x560361fe69c0_0, 0, 32;
T_1.1 ;
    %load/vec4 v0x560361fe6680_0;
    %flag_set/vec4 9;
    %flag_get/vec4 9;
    %jmp/0 T_1.5, 9;
    %load/vec4 v0x560361fe68e0_0;
    %load/vec4 v0x560361fe7150_0;
    %cmp/e;
    %flag_get/vec4 4;
    %and;
T_1.5;
    %flag_set/vec4 8;
    %jmp/0xz  T_1.3, 8;
    %load/vec4 v0x560361fe7230_0;
    %store/vec4 v0x560361fe6af0_0, 0, 32;
    %jmp T_1.4;
T_1.3 ;
    %load/vec4 v0x560361fe68e0_0;
    %pad/u 7;
    %ix/vec4 4;
    %load/vec4a v0x560361fe6bd0, 4;
    %store/vec4 v0x560361fe6af0_0, 0, 32;
T_1.4 ;
    %jmp T_1;
    .thread T_1, $push;
    .scope S_0x560361fe6200;
T_2 ;
    %wait E_0x560361f70f80;
    %load/vec4 v0x560361fe7090_0;
    %flag_set/vec4 8;
    %jmp/0xz  T_2.0, 8;
    %vpi_call 4 40 "$readmemh", "initial_reg.mem", v0x560361fe6bd0 {0 0 0};
    %jmp T_2.1;
T_2.0 ;
    %load/vec4 v0x560361fe6680_0;
    %flag_set/vec4 8;
    %jmp/0xz  T_2.2, 8;
    %load/vec4 v0x560361fe7230_0;
    %load/vec4 v0x560361fe7150_0;
    %pad/u 7;
    %ix/vec4 3;
    %ix/load 4, 0, 0; Constant delay
    %assign/vec4/a/d v0x560361fe6bd0, 0, 4;
T_2.2 ;
T_2.1 ;
    %jmp T_2;
    .thread T_2;
    .scope S_0x560361fe7430;
T_3 ;
    %wait E_0x560361f94210;
    %pushi/vec4 0, 0, 32;
    %store/vec4 v0x560361fe7610_0, 0, 32;
    %load/vec4 v0x560361fe76f0_0;
    %dup/vec4;
    %pushi/vec4 0, 0, 4;
    %cmp/u;
    %jmp/1 T_3.0, 6;
    %dup/vec4;
    %pushi/vec4 1, 0, 4;
    %cmp/u;
    %jmp/1 T_3.1, 6;
    %dup/vec4;
    %pushi/vec4 2, 0, 4;
    %cmp/u;
    %jmp/1 T_3.2, 6;
    %dup/vec4;
    %pushi/vec4 3, 0, 4;
    %cmp/u;
    %jmp/1 T_3.3, 6;
    %dup/vec4;
    %pushi/vec4 4, 0, 4;
    %cmp/u;
    %jmp/1 T_3.4, 6;
    %dup/vec4;
    %pushi/vec4 5, 0, 4;
    %cmp/u;
    %jmp/1 T_3.5, 6;
    %dup/vec4;
    %pushi/vec4 6, 0, 4;
    %cmp/u;
    %jmp/1 T_3.6, 6;
    %dup/vec4;
    %pushi/vec4 7, 0, 4;
    %cmp/u;
    %jmp/1 T_3.7, 6;
    %dup/vec4;
    %pushi/vec4 8, 0, 4;
    %cmp/u;
    %jmp/1 T_3.8, 6;
    %dup/vec4;
    %pushi/vec4 9, 0, 4;
    %cmp/u;
    %jmp/1 T_3.9, 6;
    %dup/vec4;
    %pushi/vec4 10, 0, 4;
    %cmp/u;
    %jmp/1 T_3.10, 6;
    %dup/vec4;
    %pushi/vec4 11, 0, 4;
    %cmp/u;
    %jmp/1 T_3.11, 6;
    %dup/vec4;
    %pushi/vec4 12, 0, 4;
    %cmp/u;
    %jmp/1 T_3.12, 6;
    %dup/vec4;
    %pushi/vec4 13, 0, 4;
    %cmp/u;
    %jmp/1 T_3.13, 6;
    %jmp T_3.14;
T_3.0 ;
    %load/vec4 v0x560361fe77b0_0;
    %load/vec4 v0x560361fe7850_0;
    %add;
    %store/vec4 v0x560361fe7610_0, 0, 32;
    %jmp T_3.14;
T_3.1 ;
    %load/vec4 v0x560361fe77b0_0;
    %load/vec4 v0x560361fe7850_0;
    %and;
    %store/vec4 v0x560361fe7610_0, 0, 32;
    %jmp T_3.14;
T_3.2 ;
    %load/vec4 v0x560361fe77b0_0;
    %load/vec4 v0x560361fe7850_0;
    %or;
    %inv;
    %store/vec4 v0x560361fe7610_0, 0, 32;
    %jmp T_3.14;
T_3.3 ;
    %load/vec4 v0x560361fe77b0_0;
    %load/vec4 v0x560361fe7850_0;
    %or;
    %store/vec4 v0x560361fe7610_0, 0, 32;
    %jmp T_3.14;
T_3.4 ;
    %load/vec4 v0x560361fe7850_0;
    %ix/getv 4, v0x560361fe7920_0;
    %shiftl 4;
    %store/vec4 v0x560361fe7610_0, 0, 32;
    %jmp T_3.14;
T_3.5 ;
    %load/vec4 v0x560361fe7850_0;
    %ix/getv 4, v0x560361fe7920_0;
    %shiftr/s 4;
    %store/vec4 v0x560361fe7610_0, 0, 32;
    %jmp T_3.14;
T_3.6 ;
    %load/vec4 v0x560361fe7850_0;
    %ix/getv 4, v0x560361fe7920_0;
    %shiftr 4;
    %store/vec4 v0x560361fe7610_0, 0, 32;
    %jmp T_3.14;
T_3.7 ;
    %load/vec4 v0x560361fe77b0_0;
    %load/vec4 v0x560361fe7850_0;
    %sub;
    %store/vec4 v0x560361fe7610_0, 0, 32;
    %jmp T_3.14;
T_3.8 ;
    %load/vec4 v0x560361fe77b0_0;
    %load/vec4 v0x560361fe7850_0;
    %xor;
    %store/vec4 v0x560361fe7610_0, 0, 32;
    %jmp T_3.14;
T_3.9 ;
    %load/vec4 v0x560361fe77b0_0;
    %load/vec4 v0x560361fe7850_0;
    %cmp/s;
    %flag_get/vec4 5;
    %pad/u 32;
    %store/vec4 v0x560361fe7610_0, 0, 32;
    %jmp T_3.14;
T_3.10 ;
    %load/vec4 v0x560361fe77b0_0;
    %load/vec4 v0x560361fe7850_0;
    %cmp/u;
    %flag_get/vec4 5;
    %pad/u 32;
    %store/vec4 v0x560361fe7610_0, 0, 32;
    %jmp T_3.14;
T_3.11 ;
    %load/vec4 v0x560361fe77b0_0;
    %load/vec4 v0x560361fe7850_0;
    %cmp/e;
    %flag_get/vec4 4;
    %pad/u 32;
    %store/vec4 v0x560361fe7610_0, 0, 32;
    %jmp T_3.14;
T_3.12 ;
    %load/vec4 v0x560361fe77b0_0;
    %load/vec4 v0x560361fe7850_0;
    %cmp/ne;
    %flag_get/vec4 4;
    %pad/u 32;
    %store/vec4 v0x560361fe7610_0, 0, 32;
    %jmp T_3.14;
T_3.13 ;
    %load/vec4 v0x560361fe7850_0;
    %ix/load 4, 16, 0;
    %flag_set/imm 4, 0;
    %shiftl 4;
    %store/vec4 v0x560361fe7610_0, 0, 32;
    %jmp T_3.14;
T_3.14 ;
    %pop/vec4 1;
    %jmp T_3;
    .thread T_3, $push;
    .scope S_0x560361fa5ba0;
T_4 ;
    %vpi_call 2 35 "$readmemb", "rd_addr1.mem", v0x560361fe8e70 {0 0 0};
    %vpi_call 2 36 "$readmemb", "rd_addr2.mem", v0x560361fe9040 {0 0 0};
    %vpi_call 2 37 "$readmemb", "wr_addr.mem", v0x560361fe98e0 {0 0 0};
    %vpi_call 2 38 "$readmemb", "shamt.mem", v0x560361fe9710 {0 0 0};
    %vpi_call 2 39 "$readmemb", "funct.mem", v0x560361fe8b80 {0 0 0};
    %vpi_call 2 40 "$readmemb", "regwr.mem", v0x560361fe88b0 {0 0 0};
    %vpi_call 2 41 "$readmemh", "rd_data1.mem", v0x560361fe91c0 {0 0 0};
    %vpi_call 2 42 "$readmemh", "rd_data2.mem", v0x560361fe9340 {0 0 0};
    %vpi_call 2 43 "$readmemh", "wr_data.mem", v0x560361fe9a60 {0 0 0};
    %end;
    .thread T_4;
    .scope S_0x560361fa5ba0;
T_5 ;
    %pushi/vec4 0, 0, 1;
    %store/vec4 v0x560361fe8950_0, 0, 1;
T_5.0 ;
    %delay 5000, 0;
    %load/vec4 v0x560361fe8950_0;
    %inv;
    %store/vec4 v0x560361fe8950_0, 0, 1;
    %jmp T_5.0;
    %end;
    .thread T_5;
    .scope S_0x560361fa5ba0;
T_6 ;
    %pushi/vec4 0, 0, 32;
    %store/vec4 v0x560361fe8c40_0, 0, 32;
    %pushi/vec4 0, 0, 32;
    %store/vec4 v0x560361fe86e0_0, 0, 32;
    %pushi/vec4 0, 0, 32;
    %store/vec4 v0x560361fe85e0_0, 0, 32;
    %pushi/vec4 1, 0, 1;
    %store/vec4 v0x560361fe9400_0, 0, 1;
    %pushi/vec4 0, 0, 1;
    %store/vec4 v0x560361fe87c0_0, 0, 1;
    %delay 15000, 0;
    %pushi/vec4 0, 0, 1;
    %store/vec4 v0x560361fe9400_0, 0, 1;
    %delay 10000, 0;
    %pushi/vec4 0, 0, 32;
    %store/vec4 v0x560361fe8c40_0, 0, 32;
T_6.0 ;
    %load/vec4 v0x560361fe8c40_0;
    %cmpi/s 10000, 0, 32;
    %jmp/0xz T_6.1, 5;
    %ix/getv/s 4, v0x560361fe8c40_0;
    %load/vec4a v0x560361fe8e70, 4;
    %store/vec4 v0x560361fe5a00_0, 0, 5;
    %ix/getv/s 4, v0x560361fe8c40_0;
    %load/vec4a v0x560361fe9040, 4;
    %store/vec4 v0x560361fe5ac0_0, 0, 5;
    %ix/getv/s 4, v0x560361fe8c40_0;
    %load/vec4a v0x560361fe98e0, 4;
    %store/vec4 v0x560361fe5e90_0, 0, 5;
    %ix/getv/s 4, v0x560361fe8c40_0;
    %load/vec4a v0x560361fe9710, 4;
    %store/vec4 v0x560361fe5db0_0, 0, 5;
    %ix/getv/s 4, v0x560361fe8c40_0;
    %load/vec4a v0x560361fe8b80, 4;
    %pad/u 6;
    %store/vec4 v0x560361fe5920_0, 0, 6;
    %ix/getv/s 4, v0x560361fe8c40_0;
    %load/vec4a v0x560361fe88b0, 4;
    %store/vec4 v0x560361fbbb00_0, 0, 1;
    %ix/getv/s 4, v0x560361fe8c40_0;
    %load/vec4a v0x560361fe91c0, 4;
    %store/vec4 v0x560361fe5ba0_0, 0, 32;
    %ix/getv/s 4, v0x560361fe8c40_0;
    %load/vec4a v0x560361fe9340, 4;
    %store/vec4 v0x560361fe5cd0_0, 0, 32;
    %ix/getv/s 4, v0x560361fe8c40_0;
    %load/vec4a v0x560361fe9a60, 4;
    %store/vec4 v0x560361fe5f70_0, 0, 32;
    %fork TD_TOP_tb.Test, S_0x560361fad8b0;
    %join;
    %load/vec4 v0x560361fe8c40_0;
    %addi 1, 0, 32;
    %store/vec4 v0x560361fe8c40_0, 0, 32;
    %jmp T_6.0;
T_6.1 ;
    %delay 10000, 0;
    %vpi_call 2 123 "$display", "PASSED = %0d, FAILED = %0d", v0x560361fe86e0_0, v0x560361fe85e0_0 {0 0 0};
    %vpi_call 2 124 "$finish" {0 0 0};
    %end;
    .thread T_6;
# The file index is used to find the file name in the following table.
:file_names 6;
    "N/A";
    "<interactive>";
    "TOP_tb.v";
    "TOP.v";
    "RF.v";
    "ALU.v";
