#! /usr/bin/vvp
:ivl_version "12.0 (stable)";
:ivl_delay_selection "TYPICAL";
:vpi_time_precision - 12;
:vpi_module "/usr/lib/x86_64-linux-gnu/ivl/system.vpi";
:vpi_module "/usr/lib/x86_64-linux-gnu/ivl/vhdl_sys.vpi";
:vpi_module "/usr/lib/x86_64-linux-gnu/ivl/vhdl_textio.vpi";
:vpi_module "/usr/lib/x86_64-linux-gnu/ivl/v2005_math.vpi";
:vpi_module "/usr/lib/x86_64-linux-gnu/ivl/va_math.vpi";
S_0x564a607dab30 .scope module, "ALU_tb" "ALU_tb" 2 3;
 .timescale -9 -10;
P_0x564a607ec1f0 .param/l "TEST_SIZE" 0 2 6, +C4<00000000000000000000001111101000>;
v0x564a6080de00_0 .var/i "FAILED", 31 0;
v0x564a6080df00_0 .var/i "PASSED", 31 0;
v0x564a6080dfe0_0 .net "alu_result", 31 0, v0x564a6080d880_0;  1 drivers
v0x564a6080e0b0 .array "alu_result_mem", 999 0, 31 0;
v0x564a6080e150_0 .var "funct", 3 0;
v0x564a6080e260 .array "funct_mem", 999 0, 3 0;
v0x564a6080e300_0 .var/i "i", 31 0;
v0x564a6080e3e0_0 .var "operand1", 31 0;
v0x564a6080e4d0 .array "operand1_mem", 999 0, 31 0;
v0x564a6080e570_0 .var "operand2", 31 0;
v0x564a6080e660 .array "operand2_mem", 999 0, 31 0;
v0x564a6080e700_0 .var "shamt", 4 0;
v0x564a6080e7f0 .array "shamt_mem", 999 0, 4 0;
S_0x564a607eb8b0 .scope task, "Test" "Test" 2 28, 2 28 0, S_0x564a607dab30;
 .timescale -9 -10;
v0x564a607eba90_0 .var "alu_result_in", 31 0;
v0x564a6080d2a0_0 .var "funct_in", 3 0;
v0x564a6080d380_0 .var "operand1_in", 31 0;
v0x564a6080d440_0 .var "operand2_in", 31 0;
v0x564a6080d520_0 .var "shamt_in", 4 0;
TD_ALU_tb.Test ;
    %load/vec4 v0x564a6080d380_0;
    %store/vec4 v0x564a6080e3e0_0, 0, 32;
    %load/vec4 v0x564a6080d440_0;
    %store/vec4 v0x564a6080e570_0, 0, 32;
    %load/vec4 v0x564a6080d520_0;
    %store/vec4 v0x564a6080e700_0, 0, 5;
    %load/vec4 v0x564a6080d2a0_0;
    %store/vec4 v0x564a6080e150_0, 0, 4;
    %vpi_call 2 39 "$display", "TEST CTRL Sig: %h :", v0x564a6080e150_0 {0 0 0};
    %delay 1000, 0;
    %load/vec4 v0x564a6080dfe0_0;
    %load/vec4 v0x564a607eba90_0;
    %cmp/e;
    %jmp/0xz  T_0.0, 4;
    %vpi_call 2 42 "$display", "PASSED" {0 0 0};
    %load/vec4 v0x564a6080df00_0;
    %addi 1, 0, 32;
    %store/vec4 v0x564a6080df00_0, 0, 32;
    %jmp T_0.1;
T_0.0 ;
    %vpi_call 2 46 "$display", "FAILED" {0 0 0};
    %vpi_call 2 47 "$display", "funct: %d, operand1 = %d, operand2 = %d, shamt = %d, result = %h (Ans : %h)", v0x564a6080e150_0, v0x564a6080e3e0_0, v0x564a6080e570_0, v0x564a6080e700_0, v0x564a6080dfe0_0, v0x564a607eba90_0 {0 0 0};
    %load/vec4 v0x564a6080de00_0;
    %addi 1, 0, 32;
    %store/vec4 v0x564a6080de00_0, 0, 32;
T_0.1 ;
    %end;
S_0x564a6080d650 .scope module, "alu_top" "ALU" 2 25, 3 5 0, S_0x564a607dab30;
 .timescale -9 -12;
    .port_info 0 /INPUT 32 "operand1";
    .port_info 1 /INPUT 32 "operand2";
    .port_info 2 /INPUT 5 "shamt";
    .port_info 3 /INPUT 4 "funct";
    .port_info 4 /OUTPUT 32 "alu_result";
v0x564a6080d880_0 .var "alu_result", 31 0;
v0x564a6080d980_0 .net "funct", 3 0, v0x564a6080e150_0;  1 drivers
v0x564a6080da60_0 .net "operand1", 31 0, v0x564a6080e3e0_0;  1 drivers
v0x564a6080db50_0 .net "operand2", 31 0, v0x564a6080e570_0;  1 drivers
v0x564a6080dc30_0 .net "shamt", 4 0, v0x564a6080e700_0;  1 drivers
E_0x564a607aef80 .event anyedge, v0x564a6080d980_0, v0x564a6080da60_0, v0x564a6080db50_0, v0x564a6080dc30_0;
    .scope S_0x564a6080d650;
T_1 ;
    %wait E_0x564a607aef80;
    %pushi/vec4 0, 0, 32;
    %store/vec4 v0x564a6080d880_0, 0, 32;
    %load/vec4 v0x564a6080d980_0;
    %dup/vec4;
    %pushi/vec4 0, 0, 4;
    %cmp/u;
    %jmp/1 T_1.0, 6;
    %dup/vec4;
    %pushi/vec4 1, 0, 4;
    %cmp/u;
    %jmp/1 T_1.1, 6;
    %dup/vec4;
    %pushi/vec4 2, 0, 4;
    %cmp/u;
    %jmp/1 T_1.2, 6;
    %dup/vec4;
    %pushi/vec4 3, 0, 4;
    %cmp/u;
    %jmp/1 T_1.3, 6;
    %dup/vec4;
    %pushi/vec4 4, 0, 4;
    %cmp/u;
    %jmp/1 T_1.4, 6;
    %dup/vec4;
    %pushi/vec4 5, 0, 4;
    %cmp/u;
    %jmp/1 T_1.5, 6;
    %dup/vec4;
    %pushi/vec4 6, 0, 4;
    %cmp/u;
    %jmp/1 T_1.6, 6;
    %dup/vec4;
    %pushi/vec4 7, 0, 4;
    %cmp/u;
    %jmp/1 T_1.7, 6;
    %dup/vec4;
    %pushi/vec4 8, 0, 4;
    %cmp/u;
    %jmp/1 T_1.8, 6;
    %dup/vec4;
    %pushi/vec4 9, 0, 4;
    %cmp/u;
    %jmp/1 T_1.9, 6;
    %dup/vec4;
    %pushi/vec4 10, 0, 4;
    %cmp/u;
    %jmp/1 T_1.10, 6;
    %dup/vec4;
    %pushi/vec4 11, 0, 4;
    %cmp/u;
    %jmp/1 T_1.11, 6;
    %dup/vec4;
    %pushi/vec4 12, 0, 4;
    %cmp/u;
    %jmp/1 T_1.12, 6;
    %dup/vec4;
    %pushi/vec4 13, 0, 4;
    %cmp/u;
    %jmp/1 T_1.13, 6;
    %jmp T_1.14;
T_1.0 ;
    %load/vec4 v0x564a6080da60_0;
    %load/vec4 v0x564a6080db50_0;
    %add;
    %store/vec4 v0x564a6080d880_0, 0, 32;
    %jmp T_1.14;
T_1.1 ;
    %load/vec4 v0x564a6080da60_0;
    %load/vec4 v0x564a6080db50_0;
    %and;
    %store/vec4 v0x564a6080d880_0, 0, 32;
    %jmp T_1.14;
T_1.2 ;
    %load/vec4 v0x564a6080da60_0;
    %load/vec4 v0x564a6080db50_0;
    %or;
    %inv;
    %store/vec4 v0x564a6080d880_0, 0, 32;
    %jmp T_1.14;
T_1.3 ;
    %load/vec4 v0x564a6080da60_0;
    %load/vec4 v0x564a6080db50_0;
    %or;
    %store/vec4 v0x564a6080d880_0, 0, 32;
    %jmp T_1.14;
T_1.4 ;
    %load/vec4 v0x564a6080db50_0;
    %ix/getv 4, v0x564a6080dc30_0;
    %shiftl 4;
    %store/vec4 v0x564a6080d880_0, 0, 32;
    %jmp T_1.14;
T_1.5 ;
    %load/vec4 v0x564a6080db50_0;
    %ix/getv 4, v0x564a6080dc30_0;
    %shiftr/s 4;
    %store/vec4 v0x564a6080d880_0, 0, 32;
    %jmp T_1.14;
T_1.6 ;
    %load/vec4 v0x564a6080db50_0;
    %ix/getv 4, v0x564a6080dc30_0;
    %shiftr 4;
    %store/vec4 v0x564a6080d880_0, 0, 32;
    %jmp T_1.14;
T_1.7 ;
    %load/vec4 v0x564a6080da60_0;
    %load/vec4 v0x564a6080db50_0;
    %sub;
    %store/vec4 v0x564a6080d880_0, 0, 32;
    %jmp T_1.14;
T_1.8 ;
    %load/vec4 v0x564a6080da60_0;
    %load/vec4 v0x564a6080db50_0;
    %xor;
    %store/vec4 v0x564a6080d880_0, 0, 32;
    %jmp T_1.14;
T_1.9 ;
    %load/vec4 v0x564a6080da60_0;
    %load/vec4 v0x564a6080db50_0;
    %cmp/s;
    %flag_get/vec4 5;
    %pad/u 32;
    %store/vec4 v0x564a6080d880_0, 0, 32;
    %jmp T_1.14;
T_1.10 ;
    %load/vec4 v0x564a6080da60_0;
    %load/vec4 v0x564a6080db50_0;
    %cmp/u;
    %flag_get/vec4 5;
    %pad/u 32;
    %store/vec4 v0x564a6080d880_0, 0, 32;
    %jmp T_1.14;
T_1.11 ;
    %load/vec4 v0x564a6080da60_0;
    %load/vec4 v0x564a6080db50_0;
    %cmp/e;
    %flag_get/vec4 4;
    %pad/u 32;
    %store/vec4 v0x564a6080d880_0, 0, 32;
    %jmp T_1.14;
T_1.12 ;
    %load/vec4 v0x564a6080da60_0;
    %load/vec4 v0x564a6080db50_0;
    %cmp/ne;
    %flag_get/vec4 4;
    %pad/u 32;
    %store/vec4 v0x564a6080d880_0, 0, 32;
    %jmp T_1.14;
T_1.13 ;
    %load/vec4 v0x564a6080db50_0;
    %ix/load 4, 16, 0;
    %flag_set/imm 4, 0;
    %shiftl 4;
    %store/vec4 v0x564a6080d880_0, 0, 32;
    %jmp T_1.14;
T_1.14 ;
    %pop/vec4 1;
    %jmp T_1;
    .thread T_1, $push;
    .scope S_0x564a607dab30;
T_2 ;
    %vpi_call 2 56 "$readmemh", "operand1.mem", v0x564a6080e4d0 {0 0 0};
    %vpi_call 2 57 "$readmemh", "operand2.mem", v0x564a6080e660 {0 0 0};
    %vpi_call 2 58 "$readmemb", "shamt.mem", v0x564a6080e7f0 {0 0 0};
    %vpi_call 2 59 "$readmemb", "funct.mem", v0x564a6080e260 {0 0 0};
    %vpi_call 2 60 "$readmemh", "alu_result.mem", v0x564a6080e0b0 {0 0 0};
    %end;
    .thread T_2;
    .scope S_0x564a607dab30;
T_3 ;
    %vpi_call 2 65 "$dumpfile", "waveform.vcd" {0 0 0};
    %vpi_call 2 66 "$dumpvars", 32'sb00000000000000000000000000000000, S_0x564a607dab30 {0 0 0};
    %pushi/vec4 0, 0, 32;
    %store/vec4 v0x564a6080e300_0, 0, 32;
    %pushi/vec4 0, 0, 32;
    %store/vec4 v0x564a6080df00_0, 0, 32;
    %pushi/vec4 0, 0, 32;
    %store/vec4 v0x564a6080de00_0, 0, 32;
    %delay 10000, 0;
    %pushi/vec4 0, 0, 32;
    %store/vec4 v0x564a6080e300_0, 0, 32;
T_3.0 ;
    %load/vec4 v0x564a6080e300_0;
    %cmpi/s 1000, 0, 32;
    %jmp/0xz T_3.1, 5;
    %ix/getv/s 4, v0x564a6080e300_0;
    %load/vec4a v0x564a6080e4d0, 4;
    %store/vec4 v0x564a6080d380_0, 0, 32;
    %ix/getv/s 4, v0x564a6080e300_0;
    %load/vec4a v0x564a6080e660, 4;
    %store/vec4 v0x564a6080d440_0, 0, 32;
    %ix/getv/s 4, v0x564a6080e300_0;
    %load/vec4a v0x564a6080e7f0, 4;
    %store/vec4 v0x564a6080d520_0, 0, 5;
    %ix/getv/s 4, v0x564a6080e300_0;
    %load/vec4a v0x564a6080e260, 4;
    %store/vec4 v0x564a6080d2a0_0, 0, 4;
    %ix/getv/s 4, v0x564a6080e300_0;
    %load/vec4a v0x564a6080e0b0, 4;
    %store/vec4 v0x564a607eba90_0, 0, 32;
    %fork TD_ALU_tb.Test, S_0x564a607eb8b0;
    %join;
    %load/vec4 v0x564a6080e300_0;
    %addi 1, 0, 32;
    %store/vec4 v0x564a6080e300_0, 0, 32;
    %jmp T_3.0;
T_3.1 ;
    %delay 10000, 0;
    %vpi_call 2 77 "$display", "PASSED = %d, FAILED = %d", v0x564a6080df00_0, v0x564a6080de00_0 {0 0 0};
    %vpi_call 2 78 "$finish" {0 0 0};
    %end;
    .thread T_3;
# The file index is used to find the file name in the following table.
:file_names 4;
    "N/A";
    "<interactive>";
    "ALU_tb.v";
    "ALU.v";
